[2026-07-22T11:42:35.018Z] GET https://mehekmandal.com/about → 200 (399ms, 8584B)
[2026-07-22T11:42:35.420Z] GET https://mehekmandal.com/_next/static/media/85e08107d8c28561-s.p.woff2 → 200 (349ms, 40998B)
[2026-07-22T11:42:35.420Z] GET https://mehekmandal.com/_next/static/media/9cc5b37ab1350db7-s.p.woff2 → pending (?ms, ?B)
[2026-07-22T11:42:35.420Z] GET https://mehekmandal.com/_next/static/media/d9532b38a05b0008-s.p.woff2 → pending (?ms, ?B)
[2026-07-22T11:42:35.420Z] GET https://mehekmandal.com/_next/static/media/e6099e249fd938cc-s.p.woff2 → pending (?ms, ?B)
[2026-07-22T11:42:35.420Z] GET https://mehekmandal.com/headshot-photocopy.jpg → pending (?ms, ?B)
[2026-07-22T11:42:35.420Z] GET https://mehekmandal.com/_next/static/css/991727e09714ca73.css → pending (?ms, ?B)
[2026-07-22T11:42:35.420Z] GET https://mehekmandal.com/_next/static/chunks/webpack-dec641cfcf78f237.js → pending (?ms, ?B)
[2026-07-22T11:42:35.421Z] GET https://mehekmandal.com/_next/static/chunks/4bd1b696-c023c6e3521b1417.js → pending (?ms, ?B)
[2026-07-22T11:42:35.421Z] GET https://mehekmandal.com/_next/static/chunks/255-3981a3d1f3561bd8.js → pending (?ms, ?B)
[2026-07-22T11:42:35.421Z] GET https://mehekmandal.com/_next/static/chunks/main-app-f9b5d20365cb8be2.js → pending (?ms, ?B)
[2026-07-22T11:42:35.421Z] GET https://mehekmandal.com/_next/static/chunks/976-10913f68278dbf5f.js → pending (?ms, ?B)
[2026-07-22T11:42:35.421Z] GET https://mehekmandal.com/_next/static/chunks/app/layout-5fad19d47fb9ff43.js → pending (?ms, ?B)
[2026-07-22T11:42:35.421Z] GET https://mehekmandal.com/_next/static/chunks/176-c4a8215ca4d82670.js → pending (?ms, ?B)
[2026-07-22T11:42:35.421Z] GET https://mehekmandal.com/_next/static/chunks/239-0efcf3b33fe933aa.js → pending (?ms, ?B)
[2026-07-22T11:42:35.421Z] GET https://mehekmandal.com/_next/static/chunks/777-00dc271e1cd9e980.js → pending (?ms, ?B)
[2026-07-22T11:42:35.421Z] GET https://mehekmandal.com/_next/static/chunks/app/about/page-fd0a8a51ba6c8b98.js → pending (?ms, ?B)
[2026-07-22T11:42:36.122Z] GET https://mehekmandal.com/_next/image?url=%2Fbooks%2Fhomo-deus.jpg&w=256&q=75 → 200 (343ms, 9918B)
[2026-07-22T11:42:36.122Z] GET https://mehekmandal.com/_next/image?url=%2Fbooks%2Fzero-to-one.jpg&w=256&q=75 → 200 (398ms, 5291B)
[2026-07-22T11:42:36.122Z] GET https://mehekmandal.com/_next/image?url=%2Fbooks%2Fintelligent-investor.jpg&w=256&q=75 → 200 (398ms, 11426B)
[2026-07-22T11:42:36.122Z] GET https://mehekmandal.com/_next/image?url=%2Fbooks%2Finequality-paradox.jpg&w=256&q=75 → 200 (397ms, 8232B)
[2026-07-22T11:42:36.122Z] GET https://mehekmandal.com/_next/image?url=%2Fbooks%2Fatomic-habits.jpg&w=256&q=75 → 200 (398ms, 13937B)
[2026-07-22T11:42:36.123Z] GET https://mehekmandal.com/_next/image?url=%2Fbooks%2Flittle-history-economics.jpg&w=256&q=75 → 200 (398ms, 19405B)
[2026-07-22T11:42:36.123Z] GET https://mehekmandal.com/_next/image?url=%2Fbooks%2Fpower-of-habit.jpg&w=256&q=75 → 200 (413ms, 14434B)
[2026-07-22T11:42:36.123Z] GET https://mehekmandal.com/_next/image?url=%2Fbooks%2Fbecoming-supernatural.jpg&w=256&q=75 → 200 (637ms, 17323B)
[2026-07-22T11:42:36.123Z] GET https://mehekmandal.com/_next/image?url=%2Fbooks%2Fhard-thing-about-hard-things.jpg&w=256&q=75 → 200 (638ms, 14009B)
[2026-07-22T11:42:36.123Z] GET https://mehekmandal.com/_next/image?url=%2Fbooks%2Ffive-am-club.jpg&w=256&q=75 → 200 (637ms, 11069B)
[2026-07-22T11:42:36.124Z] GET https://mehekmandal.com/_next/image?url=%2Fbooks%2Ffour-hour-workweek.jpg&w=256&q=75 → 200 (637ms, 13707B)
[2026-07-22T11:42:36.124Z] GET https://mehekmandal.com/_next/image?url=%2Fbooks%2Fpsychology-of-money.jpg&w=256&q=75 → 200 (637ms, 14079B)
[2026-07-22T11:42:36.763Z] GET https://mehekmandal.com/?_rsc=_paE49VugaXyxB1G → pending (?ms, ?B)
[2026-07-22T11:42:36.763Z] GET https://mehekmandal.com/receipts?_rsc=_paE49VugaXyxB1G → pending (?ms, ?B)
[2026-07-22T11:42:37.199Z] GET https://mehekmandal.com/_next/static/chunks/279-9de5c80cde11c64c.js → 200 (314ms, 7625B)
[2026-07-22T11:42:37.199Z] GET https://mehekmandal.com/_next/static/chunks/app/receipts/page-c0ad5ac4a5275485.js → 200 (312ms, 2316B)
[2026-07-22T11:42:37.265Z] GET https://mehekmandal.com/_next/static/chunks/app/page-51bcdc29680021a6.js → 200 (288ms, 8271B)
[2026-07-22T11:42:56.016Z] GET https://mehekmandal.com/about → 200 (48ms, 142B)
[2026-07-22T11:42:56.069Z] GET https://mehekmandal.com/_next/static/media/85e08107d8c28561-s.p.woff2 → 200 (1ms, -571B)
[2026-07-22T11:42:56.070Z] GET https://mehekmandal.com/_next/static/media/9cc5b37ab1350db7-s.p.woff2 → 200 (?ms, -571B)
[2026-07-22T11:42:56.070Z] GET https://mehekmandal.com/_next/static/media/d9532b38a05b0008-s.p.woff2 → 200 (3ms, -571B)
[2026-07-22T11:42:56.073Z] GET https://mehekmandal.com/_next/static/media/e6099e249fd938cc-s.p.woff2 → 200 (?ms, -571B)
[2026-07-22T11:42:56.073Z] GET https://mehekmandal.com/headshot-photocopy.jpg → 304 (43ms, 53B)
[2026-07-22T11:42:56.074Z] GET https://mehekmandal.com/_next/static/css/991727e09714ca73.css → 200 (?ms, -549B)
[2026-07-22T11:42:56.074Z] GET https://mehekmandal.com/_next/static/chunks/webpack-dec641cfcf78f237.js → 200 (?ms, -580B)
[2026-07-22T11:42:56.076Z] GET https://mehekmandal.com/_next/static/chunks/4bd1b696-c023c6e3521b1417.js → 200 (?ms, -582B)
[2026-07-22T11:42:56.076Z] GET https://mehekmandal.com/_next/static/chunks/255-3981a3d1f3561bd8.js → 200 (?ms, -572B)
[2026-07-22T11:42:56.077Z] GET https://mehekmandal.com/_next/static/chunks/main-app-f9b5d20365cb8be2.js → 200 (?ms, -601B)
[2026-07-22T11:42:56.077Z] GET https://mehekmandal.com/_next/static/chunks/976-10913f68278dbf5f.js → 200 (?ms, -572B)
[2026-07-22T11:42:56.077Z] GET https://mehekmandal.com/_next/static/chunks/app/layout-5fad19d47fb9ff43.js → 200 (?ms, -582B)
[2026-07-22T11:42:56.078Z] GET https://mehekmandal.com/_next/static/chunks/176-c4a8215ca4d82670.js → 200 (?ms, -572B)
[2026-07-22T11:42:56.078Z] GET https://mehekmandal.com/_next/static/chunks/239-0efcf3b33fe933aa.js → 200 (?ms, -572B)
[2026-07-22T11:42:56.078Z] GET https://mehekmandal.com/_next/static/chunks/777-00dc271e1cd9e980.js → 200 (?ms, -572B)
[2026-07-22T11:42:56.079Z] GET https://mehekmandal.com/_next/static/chunks/app/about/page-fd0a8a51ba6c8b98.js → 200 (?ms, -584B)
[2026-07-22T11:42:56.099Z] GET https://mehekmandal.com/_next/image?url=%2Fbooks%2Fhomo-deus.jpg&w=256&q=75 → 304 (42ms, 54B)
[2026-07-22T11:42:56.099Z] GET https://mehekmandal.com/_next/image?url=%2Fbooks%2Fzero-to-one.jpg&w=256&q=75 → 304 (42ms, 54B)
[2026-07-22T11:42:56.099Z] GET https://mehekmandal.com/_next/image?url=%2Fbooks%2Fintelligent-investor.jpg&w=256&q=75 → 304 (41ms, 54B)
[2026-07-22T11:42:56.099Z] GET https://mehekmandal.com/_next/image?url=%2Fbooks%2Finequality-paradox.jpg&w=256&q=75 → 304 (38ms, 60B)
[2026-07-22T11:42:56.099Z] GET https://mehekmandal.com/_next/image?url=%2Fbooks%2Fatomic-habits.jpg&w=256&q=75 → 304 (41ms, 54B)
[2026-07-22T11:42:56.099Z] GET https://mehekmandal.com/_next/image?url=%2Fbooks%2Flittle-history-economics.jpg&w=256&q=75 → 304 (79ms, 54B)
[2026-07-22T11:42:56.099Z] GET https://mehekmandal.com/_next/image?url=%2Fbooks%2Fpower-of-habit.jpg&w=256&q=75 → 304 (80ms, 54B)
[2026-07-22T11:42:56.100Z] GET https://mehekmandal.com/_next/image?url=%2Fbooks%2Fbecoming-supernatural.jpg&w=256&q=75 → 304 (72ms, 53B)
[2026-07-22T11:42:56.100Z] GET https://mehekmandal.com/_next/image?url=%2Fbooks%2Fhard-thing-about-hard-things.jpg&w=256&q=75 → 304 (89ms, 54B)
[2026-07-22T11:42:56.100Z] GET https://mehekmandal.com/_next/image?url=%2Fbooks%2Ffive-am-club.jpg&w=256&q=75 → 304 (87ms, 54B)
[2026-07-22T11:42:56.100Z] GET https://mehekmandal.com/_next/image?url=%2Fbooks%2Ffour-hour-workweek.jpg&w=256&q=75 → 304 (88ms, 61B)
[2026-07-22T11:42:56.100Z] GET https://mehekmandal.com/_next/image?url=%2Fbooks%2Fpsychology-of-money.jpg&w=256&q=75 → 304 (87ms, 53B)
[2026-07-22T11:42:56.104Z] GET https://mehekmandal.com/?_rsc=_paE49VugaXyxB1G → 200 (84ms, 45B)
[2026-07-22T11:42:56.104Z] GET https://mehekmandal.com/receipts?_rsc=_paE49VugaXyxB1G → 200 (110ms, 45B)
[2026-07-22T11:42:56.189Z] GET https://mehekmandal.com/_next/static/chunks/279-9de5c80cde11c64c.js → 200 (?ms, -572B)
[2026-07-22T11:42:56.189Z] GET https://mehekmandal.com/_next/static/chunks/app/page-51bcdc29680021a6.js → 200 (?ms, -578B)
[2026-07-22T11:42:56.215Z] GET https://mehekmandal.com/_next/static/chunks/app/receipts/page-c0ad5ac4a5275485.js → 200 (?ms, -587B)
